<html>
<body>
<pre>
<h1>µVision Build Log</h1>
<h2>Project:</h2>
C:\Users\kmie\Desktop\ppsw\Archive\dekodowanie\Dekodowanie.uvproj
Project File Date:  06/02/2025

<h2>Output:</h2>
Rebuild target 'Target 1'
assembling Startup.s...
compiling Dekodowanie.c...
compiling konwersje.c...
compiling main.c...
linking...
Program Size: Code=1572 RO-data=32 RW-data=56 ZI-data=1280  
FromELF: creating hex file...
".\Dekodowanie.axf" - 0 Errors, 0 Warning(s).
Rebuild target 'Target 1'
assembling Startup.s...
compiling Dekodowanie.c...
compiling konwersje.c...
compiling main.c...
linking...
Program Size: Code=1572 RO-data=32 RW-data=56 ZI-data=1280  
FromELF: creating hex file...
".\Dekodowanie.axf" - 0 Errors, 0 Warning(s).
