<html>
<body>
<pre>
<h1>µVision Build Log</h1>
<h2>Project:</h2>
C:\Users\Admin\Desktop\ppsw\Current\timery\timery.uvproj
Project File Date:  06/03/2025

<h2>Output:</h2>
Rebuild target 'Target 1'
assembling Startup.s...
compiling main.c...
compiling led.c...
compiling keyboard.c...
linking...
Program Size: Code=1176 RO-data=32 RW-data=8 ZI-data=1256  
".\timery.axf" - 0 Errors, 0 Warning(s).
Build target 'Target 1'
compiling main.c...
compiling led.c...
compiling keyboard.c...
linking...
Program Size: Code=1448 RO-data=32 RW-data=8 ZI-data=1256  
FromELF: creating hex file...
".\timery.axf" - 0 Errors, 0 Warning(s).
Rebuild target 'Target 1'
assembling Startup.s...
compiling main.c...
compiling led.c...
compiling keyboard.c...
linking...
Program Size: Code=1448 RO-data=32 RW-data=8 ZI-data=1256  
FromELF: creating hex file...
".\timery.axf" - 0 Errors, 0 Warning(s).
Rebuild target 'Target 1'
assembling Startup.s...
compiling main.c...
main.c(32): error: At end of source:  #67: expected a "}"
compiling led.c...
compiling keyboard.c...
compiling timer.c...
".\timery.axf" - 1 Errors, 0 Warning(s).
Target not created
Rebuild target 'Target 1'
assembling Startup.s...
compiling main.c...
compiling led.c...
compiling keyboard.c...
compiling timer.c...
linking...
Program Size: Code=1248 RO-data=32 RW-data=4 ZI-data=1260  
FromELF: creating hex file...
".\timery.axf" - 0 Errors, 0 Warning(s).
Rebuild target 'Target 1'
assembling Startup.s...
compiling main.c...
timer.h(5): warning:  #1-D: last line of file ends without a newline
compiling led.c...
compiling keyboard.c...
compiling timer.c...
timer.h(5): warning:  #1-D: last line of file ends without a newline
timer.c(36): warning:  #1-D: last line of file ends without a newline
linking...
.\timery.axf: Error: L6218E: Undefined symbol InitTimer0Match0 (referred from main.o).
".\timery.axf" - 1 Errors, 3 Warning(s).
Target not created
Rebuild target 'Target 1'
assembling Startup.s...
compiling main.c...
timer.h(5): warning:  #1-D: last line of file ends without a newline
compiling led.c...
compiling keyboard.c...
compiling timer.c...
timer.h(5): warning:  #1-D: last line of file ends without a newline
timer.c(36): warning:  #1-D: last line of file ends without a newline
linking...
Program Size: Code=1280 RO-data=32 RW-data=4 ZI-data=1260  
FromELF: creating hex file...
".\timery.axf" - 0 Errors, 3 Warning(s).
Rebuild target 'Target 1'
assembling Startup.s...
compiling main.c...
compiling led.c...
compiling keyboard.c...
compiling timer.c...
linking...
Program Size: Code=1280 RO-data=32 RW-data=4 ZI-data=1260  
FromELF: creating hex file...
".\timery.axf" - 0 Errors, 0 Warning(s).
Rebuild target 'Target 1'
assembling Startup.s...
compiling main.c...
compiling led.c...
compiling keyboard.c...
compiling timer.c...
linking...
Program Size: Code=1280 RO-data=32 RW-data=4 ZI-data=1260  
FromELF: creating hex file...
".\timery.axf" - 0 Errors, 0 Warning(s).
Rebuild target 'Target 1'
assembling Startup.s...
compiling main.c...
compiling led.c...
compiling keyboard.c...
compiling timer.c...
linking...
Program Size: Code=1280 RO-data=32 RW-data=4 ZI-data=1260  
FromELF: creating hex file...
".\timery.axf" - 0 Errors, 0 Warning(s).
Rebuild target 'Target 1'
assembling Startup.s...
compiling main.c...
compiling led.c...
compiling keyboard.c...
compiling timer.c...
timer.c(95): warning:  #1-D: last line of file ends without a newline
linking...
Program Size: Code=1280 RO-data=32 RW-data=4 ZI-data=1260  
FromELF: creating hex file...
".\timery.axf" - 0 Errors, 1 Warning(s).
Rebuild target 'Target 1'
assembling Startup.s...
compiling main.c...
compiling led.c...
compiling keyboard.c...
compiling timer.c...
linking...
Program Size: Code=1280 RO-data=32 RW-data=4 ZI-data=1260  
FromELF: creating hex file...
".\timery.axf" - 0 Errors, 0 Warning(s).
Clean started: Project: 'timery'
   deleting intermediate output files for target 'Target 1'
