<html>
<body>
<pre>
<h1>µVision Build Log</h1>
<h2>Project:</h2>
C:\Users\Admin\Desktop\ppsw\Current\automaty\Automaty.uvproj
Project File Date:  06/01/2025

<h2>Output:</h2>
Rebuild target 'Target 1'
assembling Startup.s...
compiling automaty.c...
automaty.c(28): warning:  #1-D: last line of file ends without a newline
compiling keyboard.c...
compiling led.c...
linking...
Program Size: Code=1116 RO-data=32 RW-data=4 ZI-data=1260  
FromELF: creating hex file...
".\Automaty.axf" - 0 Errors, 1 Warning(s).
Rebuild target 'Target 1'
assembling Startup.s...
compiling automaty.c...
compiling keyboard.c...
compiling led.c...
linking...
Program Size: Code=1116 RO-data=32 RW-data=4 ZI-data=1260  
FromELF: creating hex file...
".\Automaty.axf" - 0 Errors, 0 Warning(s).
Rebuild target 'Target 1'
assembling Startup.s...
compiling automaty.c...
compiling keyboard.c...
compiling led.c...
linking...
Program Size: Code=1116 RO-data=32 RW-data=4 ZI-data=1260  
FromELF: creating hex file...
".\Automaty.axf" - 0 Errors, 0 Warning(s).
Rebuild target 'Target 1'
assembling Startup.s...
compiling automaty.c...
compiling keyboard.c...
compiling led.c...
linking...
Program Size: Code=1140 RO-data=32 RW-data=8 ZI-data=1256  
FromELF: creating hex file...
".\Automaty.axf" - 0 Errors, 0 Warning(s).
Clean started: Project: 'Automaty'
   deleting intermediate output files for target 'Target 1'
