<html>
<body>
<pre>
<h1>µVision Build Log</h1>
<h2>Project:</h2>
C:\Users\Admin\Desktop\ppsw\Current\przerwania\Przerwania.uvproj
Project File Date:  06/06/2025

<h2>Output:</h2>
Clean started: Project: 'Przerwania'
   deleting intermediate output files for target 'Target 1'
Rebuild target 'Target 1'
assembling Startup.s...
compiling main.c...
compiling keyboard.c...
compiling led.c...
compiling timer.c...
compiling timer_interrups.c...
linking...
Program Size: Code=1568 RO-data=32 RW-data=12 ZI-data=1260  
FromELF: creating hex file...
".\Przerwania.axf" - 0 Errors, 0 Warning(s).
Rebuild target 'Target 1'
assembling Startup.s...
compiling main.c...
compiling keyboard.c...
compiling led.c...
compiling timer.c...
compiling timer_interrups.c...
linking...
Program Size: Code=1568 RO-data=32 RW-data=12 ZI-data=1260  
FromELF: creating hex file...
".\Przerwania.axf" - 0 Errors, 0 Warning(s).
Rebuild target 'Target 1'
assembling Startup.s...
compiling main.c...
compiling keyboard.c...
compiling led.c...
compiling timer.c...
compiling timer_interrups.c...
linking...
Program Size: Code=1584 RO-data=32 RW-data=12 ZI-data=1260  
FromELF: creating hex file...
".\Przerwania.axf" - 0 Errors, 0 Warning(s).
Rebuild target 'Target 1'
assembling Startup.s...
compiling main.c...
compiling keyboard.c...
compiling led.c...
compiling timer.c...
compiling timer_interrups.c...
timer_interrups.c(69): warning:  #1-D: last line of file ends without a newline
linking...
Program Size: Code=1584 RO-data=32 RW-data=12 ZI-data=1260  
FromELF: creating hex file...
".\Przerwania.axf" - 0 Errors, 1 Warning(s).
Rebuild target 'Target 1'
assembling Startup.s...
compiling main.c...
compiling keyboard.c...
compiling led.c...
compiling timer.c...
compiling timer_interrups.c...
timer_interrups.c(70): warning:  #1-D: last line of file ends without a newline
linking...
Program Size: Code=1584 RO-data=32 RW-data=12 ZI-data=1260  
FromELF: creating hex file...
".\Przerwania.axf" - 0 Errors, 1 Warning(s).
Rebuild target 'Target 1'
assembling Startup.s...
compiling main.c...
compiling keyboard.c...
compiling led.c...
compiling timer.c...
compiling timer_interrups.c...
timer_interrups.c(70): warning:  #1-D: last line of file ends without a newline
linking...
Program Size: Code=1584 RO-data=32 RW-data=12 ZI-data=1260  
FromELF: creating hex file...
".\Przerwania.axf" - 0 Errors, 1 Warning(s).
Clean started: Project: 'Przerwania'
   deleting intermediate output files for target 'Target 1'
Rebuild target 'Target 1'
assembling Startup.s...
compiling main.c...
compiling keyboard.c...
compiling led.c...
compiling timer.c...
compiling timer_interrups.c...
timer_interrups.c(70): warning:  #1-D: last line of file ends without a newline
linking...
Program Size: Code=1584 RO-data=32 RW-data=12 ZI-data=1260  
FromELF: creating hex file...
".\Przerwania.axf" - 0 Errors, 1 Warning(s).
Rebuild target 'Target 1'
assembling Startup.s...
compiling main.c...
compiling keyboard.c...
compiling led.c...
compiling timer.c...
compiling timer_interrups.c...
timer_interrups.c(71): warning:  #1-D: last line of file ends without a newline
linking...
Program Size: Code=1584 RO-data=32 RW-data=12 ZI-data=1260  
FromELF: creating hex file...
".\Przerwania.axf" - 0 Errors, 1 Warning(s).
Rebuild target 'Target 1'
assembling Startup.s...
compiling main.c...
compiling keyboard.c...
compiling led.c...
compiling timer.c...
compiling timer_interrups.c...
timer_interrups.c(57): warning:  #1-D: last line of file ends without a newline
linking...
Program Size: Code=1584 RO-data=32 RW-data=12 ZI-data=1260  
FromELF: creating hex file...
".\Przerwania.axf" - 0 Errors, 1 Warning(s).
Rebuild target 'Target 1'
assembling Startup.s...
compiling main.c...
compiling keyboard.c...
compiling led.c...
compiling timer.c...
compiling timer_interrups.c...
timer_interrups.c(58): warning:  #1-D: last line of file ends without a newline
linking...
Program Size: Code=1584 RO-data=32 RW-data=12 ZI-data=1260  
FromELF: creating hex file...
".\Przerwania.axf" - 0 Errors, 1 Warning(s).
Rebuild target 'Target 1'
assembling Startup.s...
compiling main.c...
compiling keyboard.c...
compiling led.c...
compiling timer.c...
compiling timer_interrups.c...
timer_interrups.c(58): warning:  #1-D: last line of file ends without a newline
linking...
Program Size: Code=1584 RO-data=32 RW-data=12 ZI-data=1260  
FromELF: creating hex file...
".\Przerwania.axf" - 0 Errors, 1 Warning(s).
Rebuild target 'Target 1'
assembling Startup.s...
compiling main.c...
compiling keyboard.c...
compiling led.c...
compiling timer.c...
compiling timer_interrups.c...
linking...
Program Size: Code=1584 RO-data=32 RW-data=12 ZI-data=1260  
FromELF: creating hex file...
".\Przerwania.axf" - 0 Errors, 0 Warning(s).
Rebuild target 'Target 1'
assembling Startup.s...
compiling main.c...
compiling keyboard.c...
compiling led.c...
compiling timer.c...
compiling timer_interrups.c...
linking...
Program Size: Code=1584 RO-data=32 RW-data=12 ZI-data=1260  
FromELF: creating hex file...
".\Przerwania.axf" - 0 Errors, 0 Warning(s).
Rebuild target 'Target 1'
assembling Startup.s...
compiling main.c...
compiling keyboard.c...
compiling led.c...
compiling timer.c...
compiling timer_interrups.c...
linking...
Program Size: Code=1584 RO-data=32 RW-data=12 ZI-data=1260  
FromELF: creating hex file...
".\Przerwania.axf" - 0 Errors, 0 Warning(s).
Rebuild target 'Target 1'
assembling Startup.s...
compiling main.c...
compiling keyboard.c...
compiling led.c...
compiling timer.c...
compiling timer_interrups.c...
linking...
Program Size: Code=1584 RO-data=32 RW-data=12 ZI-data=1260  
FromELF: creating hex file...
".\Przerwania.axf" - 0 Errors, 0 Warning(s).
