<html>
<body>
<pre>
<h1>µVision Build Log</h1>
<h2>Project:</h2>
C:\Users\student\Desktop\ppsw\Archive\gpio\gpio.uvproj
Project File Date:  05/21/2025

<h2>Output:</h2>
Rebuild target 'Target 1'
assembling Startup.s...
compiling gpio.c...
gpio.c(105): error:  #169: expected a declaration
".\gpio.axf" - 1 Errors, 0 Warning(s).
Target not created
Rebuild target 'Target 1'
assembling Startup.s...
compiling gpio.c...
linking...
Program Size: Code=1232 RO-data=32 RW-data=4 ZI-data=1260  
FromELF: creating hex file...
".\gpio.axf" - 0 Errors, 0 Warning(s).
Clean started: Project: 'gpio'
   deleting intermediate output files for target 'Target 1'
Rebuild target 'Target 1'
assembling Startup.s...
compiling gpio.c...
linking...
Program Size: Code=1240 RO-data=32 RW-data=4 ZI-data=1260  
FromELF: creating hex file...
".\gpio.axf" - 0 Errors, 0 Warning(s).
Rebuild target 'Target 1'
assembling Startup.s...
compiling gpio.c...
linking...
Program Size: Code=1240 RO-data=32 RW-data=4 ZI-data=1260  
FromELF: creating hex file...
".\gpio.axf" - 0 Errors, 0 Warning(s).
Rebuild target 'Target 1'
assembling Startup.s...
compiling gpio.c...
linking...
Program Size: Code=1228 RO-data=32 RW-data=4 ZI-data=1260  
FromELF: creating hex file...
".\gpio.axf" - 0 Errors, 0 Warning(s).
Rebuild target 'Target 1'
assembling Startup.s...
compiling gpio.c...
linking...
Program Size: Code=1228 RO-data=32 RW-data=4 ZI-data=1260  
FromELF: creating hex file...
".\gpio.axf" - 0 Errors, 0 Warning(s).
Rebuild target 'Target 1'
assembling Startup.s...
compiling gpio.c...
linking...
Program Size: Code=1236 RO-data=32 RW-data=4 ZI-data=1260  
FromELF: creating hex file...
".\gpio.axf" - 0 Errors, 0 Warning(s).
Rebuild target 'Target 1'
assembling Startup.s...
compiling gpio.c...
linking...
Program Size: Code=1228 RO-data=32 RW-data=4 ZI-data=1260  
FromELF: creating hex file...
".\gpio.axf" - 0 Errors, 0 Warning(s).
Rebuild target 'Target 1'
assembling Startup.s...
compiling gpio.c...
linking...
Program Size: Code=1244 RO-data=32 RW-data=4 ZI-data=1260  
FromELF: creating hex file...
".\gpio.axf" - 0 Errors, 0 Warning(s).
Clean started: Project: 'gpio'
   deleting intermediate output files for target 'Target 1'
