<html>
<body>
<pre>
<h1>µVision Build Log</h1>
<h2>Project:</h2>
C:\Users\Admin\Desktop\ppsw\Current\serwo\Serwo.uvproj
Project File Date:  06/10/2025

<h2>Output:</h2>
Rebuild target 'Target 1'
assembling Startup.s...
compiling keyboard.c...
compiling led.c...
compiling main.c...
linking...
Program Size: Code=1176 RO-data=32 RW-data=8 ZI-data=1256  
".\Serwo.axf" - 0 Errors, 0 Warning(s).
Rebuild target 'Target 1'
assembling Startup.s...
compiling keyboard.c...
compiling led.c...
compiling main.c...
linking...
Program Size: Code=1436 RO-data=32 RW-data=4 ZI-data=1268  
".\Serwo.axf" - 0 Errors, 0 Warning(s).
Rebuild target 'Target 1'
assembling Startup.s...
compiling keyboard.c...
compiling led.c...
compiling main.c...
linking...
Program Size: Code=1708 RO-data=32 RW-data=4 ZI-data=1268  
FromELF: creating hex file...
".\Serwo.axf" - 0 Errors, 0 Warning(s).
Rebuild target 'Target 1'
assembling Startup.s...
compiling keyboard.c...
compiling led.c...
compiling main.c...
linking...
Program Size: Code=1708 RO-data=32 RW-data=4 ZI-data=1268  
FromELF: creating hex file...
".\Serwo.axf" - 0 Errors, 0 Warning(s).
Rebuild target 'Target 1'
assembling Startup.s...
compiling keyboard.c...
compiling led.c...
compiling main.c...
linking...
Program Size: Code=1708 RO-data=32 RW-data=4 ZI-data=1268  
FromELF: creating hex file...
".\Serwo.axf" - 0 Errors, 0 Warning(s).
Rebuild target 'Target 1'
assembling Startup.s...
compiling keyboard.c...
compiling led.c...
compiling main.c...
linking...
Program Size: Code=1708 RO-data=32 RW-data=4 ZI-data=1268  
FromELF: creating hex file...
".\Serwo.axf" - 0 Errors, 0 Warning(s).
Rebuild target 'Target 1'
assembling Startup.s...
compiling keyboard.c...
compiling led.c...
compiling main.c...
linking...
Program Size: Code=1712 RO-data=32 RW-data=4 ZI-data=1268  
FromELF: creating hex file...
".\Serwo.axf" - 0 Errors, 0 Warning(s).
Rebuild target 'Target 1'
assembling Startup.s...
compiling keyboard.c...
compiling led.c...
compiling main.c...
linking...
Program Size: Code=1720 RO-data=32 RW-data=4 ZI-data=1268  
FromELF: creating hex file...
".\Serwo.axf" - 0 Errors, 0 Warning(s).
Rebuild target 'Target 1'
assembling Startup.s...
compiling keyboard.c...
compiling led.c...
compiling main.c...
linking...
Program Size: Code=1720 RO-data=32 RW-data=4 ZI-data=1268  
FromELF: creating hex file...
".\Serwo.axf" - 0 Errors, 0 Warning(s).
Rebuild target 'Target 1'
assembling Startup.s...
compiling keyboard.c...
compiling led.c...
compiling main.c...
main.c(95): warning:  #111-D: statement is unreachable
linking...
Program Size: Code=1720 RO-data=32 RW-data=4 ZI-data=1268  
FromELF: creating hex file...
".\Serwo.axf" - 0 Errors, 1 Warning(s).
Rebuild target 'Target 1'
assembling Startup.s...
compiling keyboard.c...
compiling led.c...
compiling main.c...
main.c(95): warning:  #111-D: statement is unreachable
linking...
Program Size: Code=1720 RO-data=32 RW-data=4 ZI-data=1268  
FromELF: creating hex file...
".\Serwo.axf" - 0 Errors, 1 Warning(s).
Rebuild target 'Target 1'
assembling Startup.s...
compiling keyboard.c...
compiling led.c...
compiling main.c...
linking...
Program Size: Code=1772 RO-data=32 RW-data=4 ZI-data=1268  
FromELF: creating hex file...
".\Serwo.axf" - 0 Errors, 0 Warning(s).
Rebuild target 'Target 1'
assembling Startup.s...
compiling keyboard.c...
compiling led.c...
compiling main.c...
linking...
Program Size: Code=1772 RO-data=32 RW-data=4 ZI-data=1268  
FromELF: creating hex file...
".\Serwo.axf" - 0 Errors, 0 Warning(s).
Rebuild target 'Target 1'
assembling Startup.s...
compiling keyboard.c...
compiling led.c...
compiling main.c...
linking...
Program Size: Code=1772 RO-data=32 RW-data=4 ZI-data=1268  
FromELF: creating hex file...
".\Serwo.axf" - 0 Errors, 0 Warning(s).
Rebuild target 'Target 1'
assembling Startup.s...
compiling keyboard.c...
compiling led.c...
compiling main.c...
linking...
Program Size: Code=1772 RO-data=32 RW-data=4 ZI-data=1268  
FromELF: creating hex file...
".\Serwo.axf" - 0 Errors, 0 Warning(s).
Rebuild target 'Target 1'
assembling Startup.s...
compiling keyboard.c...
compiling led.c...
compiling main.c...
linking...
Program Size: Code=1772 RO-data=32 RW-data=4 ZI-data=1268  
FromELF: creating hex file...
".\Serwo.axf" - 0 Errors, 0 Warning(s).
Rebuild target 'Target 1'
assembling Startup.s...
compiling keyboard.c...
compiling led.c...
compiling main.c...
compiling timer.c...
compiling timer_interrups.c...
linking...
Program Size: Code=1796 RO-data=32 RW-data=4 ZI-data=1268  
FromELF: creating hex file...
".\Serwo.axf" - 0 Errors, 0 Warning(s).
Rebuild target 'Target 1'
assembling Startup.s...
compiling keyboard.c...
compiling led.c...
compiling main.c...
compiling timer.c...
compiling timer_interrups.c...
linking...
Program Size: Code=2420 RO-data=32 RW-data=8 ZI-data=1272  
FromELF: creating hex file...
".\Serwo.axf" - 0 Errors, 0 Warning(s).
Rebuild target 'Target 1'
assembling Startup.s...
compiling keyboard.c...
compiling led.c...
compiling main.c...
compiling timer.c...
compiling timer_interrups.c...
compiling serwo.c...
linking...
.\Serwo.axf: Error: L6200E: Symbol sServo multiply defined (by serwo.o and main.o).
.\Serwo.axf: Error: L6200E: Symbol DetectorInit multiply defined (by serwo.o and main.o).
.\Serwo.axf: Error: L6200E: Symbol eReadDetector multiply defined (by serwo.o and main.o).
.\Serwo.axf: Error: L6200E: Symbol Automat multiply defined (by serwo.o and main.o).
.\Serwo.axf: Error: L6200E: Symbol ServoInit multiply defined (by serwo.o and main.o).
.\Serwo.axf: Error: L6200E: Symbol ServoCallib multiply defined (by serwo.o and main.o).
.\Serwo.axf: Error: L6200E: Symbol ServoGoTo multiply defined (by serwo.o and main.o).
".\Serwo.axf" - 7 Errors, 0 Warning(s).
Target not created
Rebuild target 'Target 1'
assembling Startup.s...
compiling keyboard.c...
compiling led.c...
compiling main.c...
compiling timer.c...
compiling timer_interrups.c...
compiling serwo.c...
linking...
Program Size: Code=2312 RO-data=32 RW-data=8 ZI-data=1272  
FromELF: creating hex file...
".\Serwo.axf" - 0 Errors, 0 Warning(s).
Rebuild target 'Target 1'
assembling Startup.s...
compiling keyboard.c...
compiling led.c...
compiling main.c...
compiling timer.c...
compiling timer_interrups.c...
compiling serwo.c...
linking...
Program Size: Code=2312 RO-data=32 RW-data=8 ZI-data=1272  
FromELF: creating hex file...
".\Serwo.axf" - 0 Errors, 0 Warning(s).
Rebuild target 'Target 1'
assembling Startup.s...
compiling keyboard.c...
compiling led.c...
compiling main.c...
compiling timer.c...
compiling timer_interrups.c...
compiling serwo.c...
linking...
Program Size: Code=2312 RO-data=32 RW-data=8 ZI-data=1272  
FromELF: creating hex file...
".\Serwo.axf" - 0 Errors, 0 Warning(s).
Rebuild target 'Target 1'
assembling Startup.s...
compiling keyboard.c...
compiling led.c...
compiling main.c...
compiling timer.c...
compiling timer_interrups.c...
compiling serwo.c...
linking...
Program Size: Code=2312 RO-data=32 RW-data=8 ZI-data=1272  
FromELF: creating hex file...
".\Serwo.axf" - 0 Errors, 0 Warning(s).
