<html>
<body>
<pre>
<h1>µVision Build Log</h1>
<h2>Project:</h2>
C:\Users\Admin\Desktop\ppsw\Current\dekodowanie\Dekodowanie.uvproj
Project File Date:  05/21/2025

<h2>Output:</h2>
Rebuild target 'Target 1'
assembling Startup.s...
compiling Dekodowanie.c...
Dekodowanie.c(11): error:  #70: incomplete type is not allowed
Dekodowanie.c(95): error:  #169: expected a declaration
".\Dekodowanie.axf" - 2 Errors, 0 Warning(s).
Target not created
Rebuild target 'Target 1'
assembling Startup.s...
compiling Dekodowanie.c...
Dekodowanie.c(11): error:  #70: incomplete type is not allowed
Dekodowanie.c(96): error:  #169: expected a declaration
".\Dekodowanie.axf" - 2 Errors, 0 Warning(s).
Target not created
Rebuild target 'Target 1'
assembling Startup.s...
compiling Dekodowanie.c...
Dekodowanie.c(96): error:  #169: expected a declaration
".\Dekodowanie.axf" - 1 Errors, 0 Warning(s).
Target not created
Rebuild target 'Target 1'
assembling Startup.s...
compiling Dekodowanie.c...
linking...
.\Dekodowanie.axf: Error: L6218E: Undefined symbol main (referred from rtentry2.o).
".\Dekodowanie.axf" - 1 Errors, 0 Warning(s).
Target not created
Rebuild target 'Target 1'
assembling Startup.s...
compiling Dekodowanie.c...
linking...
.\Dekodowanie.axf: Error: L6218E: Undefined symbol main (referred from rtentry2.o).
".\Dekodowanie.axf" - 1 Errors, 0 Warning(s).
Target not created
Rebuild target 'Target 1'
assembling Startup.s...
compiling Dekodowanie.c...
linking...
.\Dekodowanie.axf: Error: L6218E: Undefined symbol main (referred from rtentry2.o).
".\Dekodowanie.axf" - 1 Errors, 0 Warning(s).
Target not created
Rebuild target 'Target 1'
assembling Startup.s...
compiling Dekodowanie.c...
linking...
.\Dekodowanie.axf: Error: L6218E: Undefined symbol main (referred from rtentry2.o).
".\Dekodowanie.axf" - 1 Errors, 0 Warning(s).
Target not created
Rebuild target 'Target 1'
assembling Startup.s...
compiling Dekodowanie.c...
Dekodowanie.c(87): error:  #268: declaration may not appear after executable statement in block
Dekodowanie.c(88): error:  #268: declaration may not appear after executable statement in block
Dekodowanie.c(90): error:  #268: declaration may not appear after executable statement in block
Dekodowanie.c(91): error:  #268: declaration may not appear after executable statement in block
Dekodowanie.c(81): warning:  #550-D: variable "count1" was set but never used
".\Dekodowanie.axf" - 4 Errors, 1 Warning(s).
Target not created
Rebuild target 'Target 1'
assembling Startup.s...
compiling Dekodowanie.c...
Dekodowanie.c(89): error:  #268: declaration may not appear after executable statement in block
Dekodowanie.c(92): error:  #268: declaration may not appear after executable statement in block
Dekodowanie.c(81): warning:  #550-D: variable "count1" was set but never used
Dekodowanie.c(82): warning:  #550-D: variable "count2" was set but never used
Dekodowanie.c(83): warning:  #550-D: variable "count3" was set but never used
".\Dekodowanie.axf" - 2 Errors, 3 Warning(s).
Target not created
Rebuild target 'Target 1'
assembling Startup.s...
compiling Dekodowanie.c...
linking...
Program Size: Code=816 RO-data=16 RW-data=0 ZI-data=1280  
".\Dekodowanie.axf" - 0 Errors, 0 Warning(s).
Rebuild target 'Target 1'
assembling Startup.s...
compiling Dekodowanie.c...
Dekodowanie.c(98): error:  #65: expected a ";"
Dekodowanie.c(130): warning: At end of source:  #12-D: parsing restarts here after previous syntax error
Dekodowanie.c(130): warning: At end of source:  #940-D: missing return statement at end of non-void function "eStringToKeyword"
Dekodowanie.c(130): error: At end of source:  #67: expected a "}"
".\Dekodowanie.axf" - 2 Errors, 2 Warning(s).
Target not created
Rebuild target 'Target 1'
assembling Startup.s...
compiling Dekodowanie.c...
Dekodowanie.c(85): warning:  #940-D: missing return statement at end of non-void function "eStringToKeyword"
linking...
Program Size: Code=824 RO-data=16 RW-data=0 ZI-data=1280  
".\Dekodowanie.axf" - 0 Errors, 1 Warning(s).
Rebuild target 'Target 1'
assembling Startup.s...
compiling Dekodowanie.c...
dekod.h(5): warning:  #1-D: last line of file ends without a newline
konwersje.h(12): warning:  #1-D: last line of file ends without a newline
compiling konwersje.c...
konwersje.h(12): warning:  #1-D: last line of file ends without a newline
konwersje.c(120): warning:  #1-D: last line of file ends without a newline
linking...
Program Size: Code=1588 RO-data=32 RW-data=40 ZI-data=1280  
".\Dekodowanie.axf" - 0 Errors, 4 Warning(s).
Rebuild target 'Target 1'
assembling Startup.s...
compiling Dekodowanie.c...
compiling konwersje.c...
linking...
Program Size: Code=1588 RO-data=32 RW-data=40 ZI-data=1280  
".\Dekodowanie.axf" - 0 Errors, 0 Warning(s).
Rebuild target 'Target 1'
assembling Startup.s...
compiling Dekodowanie.c...
compiling konwersje.c...
linking...
Program Size: Code=1772 RO-data=32 RW-data=40 ZI-data=1280  
".\Dekodowanie.axf" - 0 Errors, 0 Warning(s).
Rebuild target 'Target 1'
assembling Startup.s...
compiling Dekodowanie.c...
compiling konwersje.c...
linking...
Program Size: Code=1772 RO-data=32 RW-data=40 ZI-data=1280  
".\Dekodowanie.axf" - 0 Errors, 0 Warning(s).
Rebuild target 'Target 1'
assembling Startup.s...
compiling Dekodowanie.c...
compiling konwersje.c...
linking...
Program Size: Code=1772 RO-data=32 RW-data=40 ZI-data=1280  
".\Dekodowanie.axf" - 0 Errors, 0 Warning(s).
Clean started: Project: 'Dekodowanie'
   deleting intermediate output files for target 'Target 1'
