<html>
<body>
<pre>
<h1>µVision Build Log</h1>
<h2>Project:</h2>
C:\Users\Admin\Desktop\ppsw\Current\moduly\moduly.uvproj
Project File Date:  05/21/2025

<h2>Output:</h2>
Rebuild target 'Target 1'
assembling Startup.s...
compiling main.c...
compiling keyboard.c...
compiling led.c...
led.h(2): warning:  #1295-D: Deprecated declaration LedInit - give arg types
led.h(3): warning:  #1295-D: Deprecated declaration LedStepRight - give arg types
led.h(4): warning:  #1-D: last line of file ends without a newline
led.h(4): warning:  #1295-D: Deprecated declaration LedStepLeft - give arg types
led.c(51): warning:  #1-D: last line of file ends without a newline
linking...
.\moduly.axf: Error: L6218E: Undefined symbol main (referred from rtentry2.o).
".\moduly.axf" - 1 Errors, 5 Warning(s).
Target not created
Rebuild target 'Target 1'
assembling Startup.s...
compiling main.c...
compiling keyboard.c...
compiling led.c...
led.h(2): warning:  #1295-D: Deprecated declaration LedInit - give arg types
led.h(3): warning:  #1295-D: Deprecated declaration LedStepRight - give arg types
led.h(4): warning:  #1-D: last line of file ends without a newline
led.h(4): warning:  #1295-D: Deprecated declaration LedStepLeft - give arg types
led.c(51): warning:  #1-D: last line of file ends without a newline
linking...
.\moduly.axf: Error: L6218E: Undefined symbol main (referred from rtentry2.o).
".\moduly.axf" - 1 Errors, 5 Warning(s).
Target not created
Rebuild target 'Target 1'
assembling Startup.s...
compiling main.c...
compiling keyboard.c...
compiling led.c...
led.h(2): warning:  #1295-D: Deprecated declaration LedInit - give arg types
led.h(3): warning:  #1295-D: Deprecated declaration LedStepRight - give arg types
led.h(4): warning:  #1-D: last line of file ends without a newline
led.h(4): warning:  #1295-D: Deprecated declaration LedStepLeft - give arg types
led.c(51): warning:  #1-D: last line of file ends without a newline
linking...
.\moduly.axf: Error: L6218E: Undefined symbol main (referred from rtentry2.o).
".\moduly.axf" - 1 Errors, 5 Warning(s).
Target not created
Rebuild target 'Target 1'
assembling Startup.s...
compiling main.c...
compiling keyboard.c...
compiling led.c...
led.h(2): warning:  #1295-D: Deprecated declaration LedInit - give arg types
led.h(3): warning:  #1295-D: Deprecated declaration LedStepRight - give arg types
led.h(4): warning:  #1295-D: Deprecated declaration LedStepLeft - give arg types
linking...
.\moduly.axf: Error: L6218E: Undefined symbol main (referred from rtentry2.o).
".\moduly.axf" - 1 Errors, 3 Warning(s).
Target not created
Rebuild target 'Target 1'
assembling Startup.s...
compiling main.c...
compiling keyboard.c...
compiling led.c...
led.h(2): warning:  #1295-D: Deprecated declaration LedInit - give arg types
led.h(3): warning:  #1295-D: Deprecated declaration LedStepRight - give arg types
led.h(4): warning:  #1295-D: Deprecated declaration LedStepLeft - give arg types
linking...
.\moduly.axf: Error: L6218E: Undefined symbol main (referred from rtentry2.o).
".\moduly.axf" - 1 Errors, 3 Warning(s).
Target not created
Rebuild target 'Target 1'
assembling Startup.s...
compiling main.c...
compiling keyboard.c...
compiling led.c...
led.h(2): warning:  #1295-D: Deprecated declaration LedInit - give arg types
led.h(3): warning:  #1295-D: Deprecated declaration LedStepRight - give arg types
led.h(4): warning:  #1295-D: Deprecated declaration LedStepLeft - give arg types
linking...
.\moduly.axf: Error: L6218E: Undefined symbol main (referred from rtentry2.o).
".\moduly.axf" - 1 Errors, 3 Warning(s).
Target not created
Rebuild target 'Target 1'
assembling Startup.s...
compiling main.c...
compiling keyboard.c...
compiling led.c...
linking...
.\moduly.axf: Error: L6218E: Undefined symbol main (referred from rtentry2.o).
".\moduly.axf" - 1 Errors, 0 Warning(s).
Target not created
Clean started: Project: 'moduly'
   deleting intermediate output files for target 'Target 1'
Rebuild target 'Target 1'
assembling Startup.s...
compiling main.c...
keyboard.h(5): warning:  #1-D: last line of file ends without a newline
compiling keyboard.c...
keyboard.h(5): warning:  #1-D: last line of file ends without a newline
keyboard.c(28): warning:  #1-D: last line of file ends without a newline
compiling led.c...
linking...
.\moduly.axf: Error: L6218E: Undefined symbol main (referred from rtentry2.o).
".\moduly.axf" - 1 Errors, 3 Warning(s).
Target not created
Rebuild target 'Target 1'
assembling Startup.s...
compiling main.c...
keyboard.h(5): warning:  #1-D: last line of file ends without a newline
compiling keyboard.c...
keyboard.h(5): warning:  #1-D: last line of file ends without a newline
compiling led.c...
linking...
.\moduly.axf: Error: L6218E: Undefined symbol main (referred from rtentry2.o).
".\moduly.axf" - 1 Errors, 2 Warning(s).
Target not created
Rebuild target 'Target 1'
assembling Startup.s...
compiling main.c...
keyboard.h(5): warning:  #1-D: last line of file ends without a newline
compiling keyboard.c...
keyboard.h(5): warning:  #1-D: last line of file ends without a newline
compiling led.c...
linking...
.\moduly.axf: Error: L6218E: Undefined symbol main (referred from rtentry2.o).
".\moduly.axf" - 1 Errors, 2 Warning(s).
Target not created
Rebuild target 'Target 1'
assembling Startup.s...
compiling main.c...
compiling keyboard.c...
compiling led.c...
linking...
.\moduly.axf: Error: L6218E: Undefined symbol main (referred from rtentry2.o).
".\moduly.axf" - 1 Errors, 0 Warning(s).
Target not created
Rebuild target 'Target 1'
assembling Startup.s...
compiling main.c...
compiling keyboard.c...
compiling led.c...
linking...
Program Size: Code=1044 RO-data=32 RW-data=4 ZI-data=1260  
".\moduly.axf" - 0 Errors, 0 Warning(s).
Rebuild target 'Target 1'
assembling Startup.s...
compiling main.c...
compiling keyboard.c...
compiling led.c...
linking...
Program Size: Code=1316 RO-data=32 RW-data=4 ZI-data=1260  
FromELF: creating hex file...
".\moduly.axf" - 0 Errors, 0 Warning(s).
Clean started: Project: 'moduly'
   deleting intermediate output files for target 'Target 1'
